Drill report for TemperatureInspector_STM32F103C8T6_Hardware.kicad_pcb
Created on 2026-07-16T21:08:57

Copper Layer Stackup:
    =============================================================
    L1 :  F.Cu                      front
    L2 :  In1.Cu                    in1
    L3 :  In2.Cu                    in2
    L4 :  B.Cu                      back


Drill file 'TemperatureInspector_STM32F103C8T6_Hardware-PTH.drl' contains
    plated through holes:
    =============================================================
    T1  0.200mm  0.0079"  (104 holes))
    T2  0.600mm  0.0236"  (4 holes)  (with 4 slots)
    T3  0.800mm  0.0315"  (8 holes))
    T4  1.000mm  0.0394"  (29 holes))
    T5  1.100mm  0.0433"  (16 holes))

    Total plated holes count 161


Drill file 'TemperatureInspector_STM32F103C8T6_Hardware-NPTH.drl' contains
    unplated through holes:
    =============================================================
    T1  3.200mm  0.1260"  (4 holes))

    Total unplated holes count 4
